........................................................................ [ 93%]
.....                                                                    [100%]
77 passed in 1.97s
